
===== Candidate SMS Request 2026-07-24 15:06:38 =====
To: +255655856349
* Host api.sandbox.africastalking.com:443 was resolved.
* IPv6: (none)
* IPv4: 18.169.2.234, 18.169.96.158, 13.42.166.90
*   Trying 18.169.2.234:443...
* Connected to api.sandbox.africastalking.com (18.169.2.234) port 443
* ALPN: curl offers http/1.1
*  CAfile: C:/wamp64/ssl/cacert.pem
*  CApath: none
* SSL connection using TLSv1.3 / TLS_AES_128_GCM_SHA256 / X25519 / RSASSA-PSS
* ALPN: server accepted http/1.1
* Server certificate:
*  subject: CN=*.sandbox.africastalking.com
*  start date: May 19 00:00:00 2026 GMT
*  expire date: Dec  3 23:59:59 2026 GMT
*  subjectAltName: host "api.sandbox.africastalking.com" matched cert's "*.sandbox.africastalking.com"
*  issuer: C=GB; O=Sectigo Limited; CN=Sectigo Public Server Authentication CA DV R36
*  SSL certificate verify ok.
*   Certificate level 0: Public key type RSA (2048/112 Bits/secBits), signed using sha256WithRSAEncryption
*   Certificate level 1: Public key type RSA (3072/128 Bits/secBits), signed using sha384WithRSAEncryption
*   Certificate level 2: Public key type RSA (4096/152 Bits/secBits), signed using sha384WithRSAEncryption
* using HTTP/1.x
> POST /version1/messaging HTTP/1.1
Host: api.sandbox.africastalking.com
User-Agent: MzumbeVotingSystem/1.0 PHP-cURL
apiKey: atsk_3d1071b1de25abef12e03b95bce46a20b227cf2fb0f1a17777bd6e0b8c6390d78eeaea22
Accept: application/json
Content-Type: application/x-www-form-urlencoded
Connection: close
Content-Length: 196

* upload completely sent off: 196 bytes
< HTTP/1.1 201 Created
< Content-Length: 236
< Content-Type: application/json
< Date: Fri, 24 Jul 2026 12:06:41 GMT
< Server: akka-http/10.2.10
< Connection: close
< 
* Closing connection

===== Candidate SMS Request 2026-07-24 15:09:03 =====
To: +255655856349
* Host api.sandbox.africastalking.com:443 was resolved.
* IPv6: (none)
* IPv4: 13.42.166.90, 18.169.96.158, 18.169.2.234
*   Trying 13.42.166.90:443...
* Connected to api.sandbox.africastalking.com (13.42.166.90) port 443
* ALPN: curl offers http/1.1
*  CAfile: C:/wamp64/ssl/cacert.pem
*  CApath: none
* SSL connection using TLSv1.3 / TLS_AES_128_GCM_SHA256 / X25519 / RSASSA-PSS
* ALPN: server accepted http/1.1
* Server certificate:
*  subject: CN=*.sandbox.africastalking.com
*  start date: May 19 00:00:00 2026 GMT
*  expire date: Dec  3 23:59:59 2026 GMT
*  subjectAltName: host "api.sandbox.africastalking.com" matched cert's "*.sandbox.africastalking.com"
*  issuer: C=GB; O=Sectigo Limited; CN=Sectigo Public Server Authentication CA DV R36
*  SSL certificate verify ok.
*   Certificate level 0: Public key type RSA (2048/112 Bits/secBits), signed using sha256WithRSAEncryption
*   Certificate level 1: Public key type RSA (3072/128 Bits/secBits), signed using sha384WithRSAEncryption
*   Certificate level 2: Public key type RSA (4096/152 Bits/secBits), signed using sha384WithRSAEncryption
* using HTTP/1.x
> POST /version1/messaging HTTP/1.1
Host: api.sandbox.africastalking.com
User-Agent: MzumbeVotingSystem/1.0 PHP-cURL
apiKey: atsk_3d1071b1de25abef12e03b95bce46a20b227cf2fb0f1a17777bd6e0b8c6390d78eeaea22
Accept: application/json
Content-Type: application/x-www-form-urlencoded
Connection: close
Content-Length: 193

* upload completely sent off: 193 bytes
< HTTP/1.1 201 Created
< Content-Length: 236
< Content-Type: application/json
< Date: Fri, 24 Jul 2026 12:09:05 GMT
< Server: akka-http/10.2.10
< Connection: close
< 
* Closing connection
